{
  "filters_used": [
    {
      "path": "detect_secrets.filters.allowlist.is_line_allowlisted"
    },
    {
      "path": "detect_secrets.filters.heuristic.is_indirect_reference"
    },
    {
      "path": "detect_secrets.filters.heuristic.is_likely_id_string"
    },
    {
      "path": "detect_secrets.filters.heuristic.is_lock_file"
    },
    {
      "path": "detect_secrets.filters.heuristic.is_not_alphanumeric_string"
    },
    {
      "path": "detect_secrets.filters.heuristic.is_potential_uuid"
    },
    {
      "path": "detect_secrets.filters.heuristic.is_prefixed_with_dollar_sign"
    },
    {
      "path": "detect_secrets.filters.heuristic.is_sequential_string"
    },
    {
      "path": "detect_secrets.filters.heuristic.is_swagger_file"
    },
    {
      "path": "detect_secrets.filters.heuristic.is_templated_secret"
    },
    {
      "path": "detect_secrets.filters.regex.should_exclude_file",
      "pattern": [
        "(\\.git/|\\.venv/|\\.models/|\\.cache/|\\.local/|node_modules/|web/dist/|web/test-results/|web/playwright-report/|artifacts/private/|uv.lock|package-lock.json)"
      ]
    }
  ],
  "generated_at": "2026-09-16T06:02:45Z",
  "plugins_used": [
    {
      "name": "ArtifactoryDetector"
    },
    {
      "name": "AWSKeyDetector"
    },
    {
      "name": "AzureStorageKeyDetector"
    },
    {
      "limit": 4.5,
      "name": "Base64HighEntropyString"
    },
    {
      "name": "BasicAuthDetector"
    },
    {
      "name": "CloudantDetector"
    },
    {
      "name": "DiscordBotTokenDetector"
    },
    {
      "name": "GitHubTokenDetector"
    },
    {
      "name": "GitLabTokenDetector"
    },
    {
      "limit": 3.0,
      "name": "HexHighEntropyString"
    },
    {
      "name": "IbmCloudIamDetector"
    },
    {
      "name": "IbmCosHmacDetector"
    },
    {
      "name": "IPPublicDetector"
    },
    {
      "name": "JwtTokenDetector"
    },
    {
      "keyword_exclude": "",
      "name": "KeywordDetector"
    },
    {
      "name": "MailchimpDetector"
    },
    {
      "name": "NpmDetector"
    },
    {
      "name": "OpenAIDetector"
    },
    {
      "name": "PrivateKeyDetector"
    },
    {
      "name": "PypiTokenDetector"
    },
    {
      "name": "SendGridDetector"
    },
    {
      "name": "SlackDetector"
    },
    {
      "name": "SoftlayerDetector"
    },
    {
      "name": "SquareOAuthDetector"
    },
    {
      "name": "StripeDetector"
    },
    {
      "name": "TelegramBotTokenDetector"
    },
    {
      "name": "TwilioKeyDetector"
    }
  ],
  "results": {
    "artifacts/benchmarks/20260915T163153Z/cached.json": [
      {
        "filename": "artifacts/benchmarks/20260915T163153Z/cached.json",
        "hashed_secret": "67a74306b06d0c01624fe0d0249a570f4d093747",
        "is_secret": false,
        "is_verified": false,
        "line_number": 3,
        "type": "Hex High Entropy String"
      },
      {
        "filename": "artifacts/benchmarks/20260915T163153Z/cached.json",
        "hashed_secret": "95ca132cd40b5c853f133fabd9c8b80d3aa7ea5d",
        "is_secret": false,
        "is_verified": false,
        "line_number": 10,
        "type": "Hex High Entropy String"
      },
      {
        "filename": "artifacts/benchmarks/20260915T163153Z/cached.json",
        "hashed_secret": "66ac28ef4373805001b51cdbca1df5d6c69fea88",
        "is_secret": false,
        "is_verified": false,
        "line_number": 15,
        "type": "Hex High Entropy String"
      }
    ],
    "artifacts/benchmarks/20260915T163153Z/ingestion-http.json": [
      {
        "filename": "artifacts/benchmarks/20260915T163153Z/ingestion-http.json",
        "hashed_secret": "67a74306b06d0c01624fe0d0249a570f4d093747",
        "is_secret": false,
        "is_verified": false,
        "line_number": 210,
        "type": "Hex High Entropy String"
      },
      {
        "filename": "artifacts/benchmarks/20260915T163153Z/ingestion-http.json",
        "hashed_secret": "613fe27ea7d5b5d44372997ad56b8e3c90899b18",
        "is_secret": false,
        "is_verified": false,
        "line_number": 215,
        "type": "Hex High Entropy String"
      }
    ],
    "artifacts/benchmarks/20260915T163153Z/uncached.json": [
      {
        "filename": "artifacts/benchmarks/20260915T163153Z/uncached.json",
        "hashed_secret": "67a74306b06d0c01624fe0d0249a570f4d093747",
        "is_secret": false,
        "is_verified": false,
        "line_number": 216,
        "type": "Hex High Entropy String"
      },
      {
        "filename": "artifacts/benchmarks/20260915T163153Z/uncached.json",
        "hashed_secret": "95ca132cd40b5c853f133fabd9c8b80d3aa7ea5d",
        "is_secret": false,
        "is_verified": false,
        "line_number": 222,
        "type": "Hex High Entropy String"
      },
      {
        "filename": "artifacts/benchmarks/20260915T163153Z/uncached.json",
        "hashed_secret": "66ac28ef4373805001b51cdbca1df5d6c69fea88",
        "is_secret": false,
        "is_verified": false,
        "line_number": 229,
        "type": "Hex High Entropy String"
      }
    ],
    "artifacts/request-trace.json": [
      {
        "filename": "artifacts/request-trace.json",
        "hashed_secret": "3584cddb94e11574eb80122a87b982965f9a64f0",
        "is_secret": false,
        "is_verified": false,
        "line_number": 6,
        "type": "Hex High Entropy String"
      },
      {
        "filename": "artifacts/request-trace.json",
        "hashed_secret": "70fe14ffb6b5c673a2d2bbfaabb2d7fc173d3a45",
        "is_secret": false,
        "is_verified": false,
        "line_number": 7,
        "type": "Hex High Entropy String"
      },
      {
        "filename": "artifacts/request-trace.json",
        "hashed_secret": "793600d0c9e3d78b1fad4aed3f3ea071c95af550",
        "is_secret": false,
        "is_verified": false,
        "line_number": 99,
        "type": "Hex High Entropy String"
      },
      {
        "filename": "artifacts/request-trace.json",
        "hashed_secret": "a405be741cfdd8d8b1789a125185c7c9a8902063",
        "is_secret": false,
        "is_verified": false,
        "line_number": 118,
        "type": "Hex High Entropy String"
      },
      {
        "filename": "artifacts/request-trace.json",
        "hashed_secret": "f37335916dfd798e136190a0b5bfe9a31c008e68",
        "is_secret": false,
        "is_verified": false,
        "line_number": 129,
        "type": "Hex High Entropy String"
      },
      {
        "filename": "artifacts/request-trace.json",
        "hashed_secret": "3c775467c59589bec90370ddf9d452e2164c1551",
        "is_secret": false,
        "is_verified": false,
        "line_number": 148,
        "type": "Hex High Entropy String"
      },
      {
        "filename": "artifacts/request-trace.json",
        "hashed_secret": "09b0561cf8d2ebfa6430cdbbec187ae9ce5b41dc",
        "is_secret": false,
        "is_verified": false,
        "line_number": 159,
        "type": "Hex High Entropy String"
      },
      {
        "filename": "artifacts/request-trace.json",
        "hashed_secret": "fde2e859bd6811d145f51c49bdd0f0db632c6687",
        "is_secret": false,
        "is_verified": false,
        "line_number": 170,
        "type": "Hex High Entropy String"
      },
      {
        "filename": "artifacts/request-trace.json",
        "hashed_secret": "9188a865bccbc6b9dba53e8634a24910116afd1f",
        "is_secret": false,
        "is_verified": false,
        "line_number": 189,
        "type": "Hex High Entropy String"
      }
    ],
    "artifacts/upgrade/upload-journey.json": [
      {
        "filename": "artifacts/upgrade/upload-journey.json",
        "hashed_secret": "30d7f9769de0bd763c7e4145f53da9d5b21378c3",
        "is_secret": false,
        "is_verified": false,
        "line_number": 24,
        "type": "Hex High Entropy String"
      },
      {
        "filename": "artifacts/upgrade/upload-journey.json",
        "hashed_secret": "fca4d5db2e3f4b0abdf88a4b49c7565b15af84ea",
        "is_secret": false,
        "is_verified": false,
        "line_number": 25,
        "type": "Hex High Entropy String"
      },
      {
        "filename": "artifacts/upgrade/upload-journey.json",
        "hashed_secret": "090bbc733988a128f5483f8e4b33d4eccbb829c5",
        "is_secret": false,
        "is_verified": false,
        "line_number": 26,
        "type": "Hex High Entropy String"
      }
    ],
    "datasets/manifest.json": [
      {
        "filename": "datasets/manifest.json",
        "hashed_secret": "210e64496c26d95d972d9f1d33f83e904a016ed3",
        "is_secret": false,
        "is_verified": false,
        "line_number": 3,
        "type": "Hex High Entropy String"
      },
      {
        "filename": "datasets/manifest.json",
        "hashed_secret": "163face786a1e80635b1bb833b559d568cddf1b1",
        "is_secret": false,
        "is_verified": false,
        "line_number": 10,
        "type": "Hex High Entropy String"
      },
      {
        "filename": "datasets/manifest.json",
        "hashed_secret": "f311594ef2b7607689dfd8ce7de29501f7bfedf5",
        "is_secret": false,
        "is_verified": false,
        "line_number": 17,
        "type": "Hex High Entropy String"
      },
      {
        "filename": "datasets/manifest.json",
        "hashed_secret": "419d3c42572e2a622bccfc5f6f2d60a99d49b681",
        "is_secret": false,
        "is_verified": false,
        "line_number": 24,
        "type": "Hex High Entropy String"
      },
      {
        "filename": "datasets/manifest.json",
        "hashed_secret": "97a8526476e333bcf9bf4358184b8347a3593dea",
        "is_secret": false,
        "is_verified": false,
        "line_number": 31,
        "type": "Hex High Entropy String"
      },
      {
        "filename": "datasets/manifest.json",
        "hashed_secret": "f95c6b7b1359387c28aca77dfdd14802d0d4a784",
        "is_secret": false,
        "is_verified": false,
        "line_number": 38,
        "type": "Hex High Entropy String"
      },
      {
        "filename": "datasets/manifest.json",
        "hashed_secret": "a44da9fa057fbb2d71661485dd15a89ffff540bd",
        "is_secret": false,
        "is_verified": false,
        "line_number": 45,
        "type": "Hex High Entropy String"
      },
      {
        "filename": "datasets/manifest.json",
        "hashed_secret": "86139b9313cb296dc7e4497cffffc9234cc0267d",
        "is_secret": false,
        "is_verified": false,
        "line_number": 52,
        "type": "Hex High Entropy String"
      },
      {
        "filename": "datasets/manifest.json",
        "hashed_secret": "d93d8cdaceb24c42737c15e8881f2e241eb63231",
        "is_secret": false,
        "is_verified": false,
        "line_number": 59,
        "type": "Hex High Entropy String"
      },
      {
        "filename": "datasets/manifest.json",
        "hashed_secret": "ec05e0e9e2bdafd4735fe540e618346e9ac367c1",
        "is_secret": false,
        "is_verified": false,
        "line_number": 66,
        "type": "Hex High Entropy String"
      },
      {
        "filename": "datasets/manifest.json",
        "hashed_secret": "eef1dd8ba7974e79157be6749a317bdf1962e5aa",
        "is_secret": false,
        "is_verified": false,
        "line_number": 73,
        "type": "Hex High Entropy String"
      },
      {
        "filename": "datasets/manifest.json",
        "hashed_secret": "bb4e3d63e70318839717da413f0de59c8f3e8cbd",
        "is_secret": false,
        "is_verified": false,
        "line_number": 80,
        "type": "Hex High Entropy String"
      },
      {
        "filename": "datasets/manifest.json",
        "hashed_secret": "34ce6546849a217d359c4cfef7ea3656b297dea9",
        "is_secret": false,
        "is_verified": false,
        "line_number": 87,
        "type": "Hex High Entropy String"
      },
      {
        "filename": "datasets/manifest.json",
        "hashed_secret": "0b6abc23676956660f4d6533ddcf1e0f24023c39",
        "is_secret": false,
        "is_verified": false,
        "line_number": 94,
        "type": "Hex High Entropy String"
      },
      {
        "filename": "datasets/manifest.json",
        "hashed_secret": "3b133cb30eb38a742e6a52b70c240c1134f18865",
        "is_secret": false,
        "is_verified": false,
        "line_number": 101,
        "type": "Hex High Entropy String"
      },
      {
        "filename": "datasets/manifest.json",
        "hashed_secret": "986371686c561afe915e0bbea3f84c9726d7c540",
        "is_secret": false,
        "is_verified": false,
        "line_number": 108,
        "type": "Hex High Entropy String"
      },
      {
        "filename": "datasets/manifest.json",
        "hashed_secret": "6ac5116bd92d6f3f831079dd8bc16893f72cb32e",
        "is_secret": false,
        "is_verified": false,
        "line_number": 115,
        "type": "Hex High Entropy String"
      },
      {
        "filename": "datasets/manifest.json",
        "hashed_secret": "d6cb57e4c8846d2c0b8c3333c2ac7a7bc4e5f49a",
        "is_secret": false,
        "is_verified": false,
        "line_number": 122,
        "type": "Hex High Entropy String"
      },
      {
        "filename": "datasets/manifest.json",
        "hashed_secret": "14a51929039b1142406ccbd98615763ae9d73af8",
        "is_secret": false,
        "is_verified": false,
        "line_number": 129,
        "type": "Hex High Entropy String"
      },
      {
        "filename": "datasets/manifest.json",
        "hashed_secret": "1c78994bdf6b340a025bbe2a13512aa6d238da77",
        "is_secret": false,
        "is_verified": false,
        "line_number": 136,
        "type": "Hex High Entropy String"
      },
      {
        "filename": "datasets/manifest.json",
        "hashed_secret": "5b2b040feba4c7c80f69aef6c5f43435c90aa807",
        "is_secret": false,
        "is_verified": false,
        "line_number": 143,
        "type": "Hex High Entropy String"
      },
      {
        "filename": "datasets/manifest.json",
        "hashed_secret": "c18de41b27b3169f21bb1143aa63cd4afcba71ff",
        "is_secret": false,
        "is_verified": false,
        "line_number": 150,
        "type": "Hex High Entropy String"
      },
      {
        "filename": "datasets/manifest.json",
        "hashed_secret": "5ab1e66a4780c02a6f664eebd9035f055a4d0395",
        "is_secret": false,
        "is_verified": false,
        "line_number": 157,
        "type": "Hex High Entropy String"
      },
      {
        "filename": "datasets/manifest.json",
        "hashed_secret": "2b657eda4d09ad364506fba1172fdf125b43bbe1",
        "is_secret": false,
        "is_verified": false,
        "line_number": 164,
        "type": "Hex High Entropy String"
      },
      {
        "filename": "datasets/manifest.json",
        "hashed_secret": "989f079256624550a27514ee2a52f7bf20299db4",
        "is_secret": false,
        "is_verified": false,
        "line_number": 171,
        "type": "Hex High Entropy String"
      },
      {
        "filename": "datasets/manifest.json",
        "hashed_secret": "53e0cf9b2ea455999c8bd1a04e1620e800c789d9",
        "is_secret": false,
        "is_verified": false,
        "line_number": 178,
        "type": "Hex High Entropy String"
      },
      {
        "filename": "datasets/manifest.json",
        "hashed_secret": "308046c36d1305071ac9e88b02f3180066774d78",
        "is_secret": false,
        "is_verified": false,
        "line_number": 185,
        "type": "Hex High Entropy String"
      },
      {
        "filename": "datasets/manifest.json",
        "hashed_secret": "e31cc6d7fa75e469e042bbacbeb738938a4cb99a",
        "is_secret": false,
        "is_verified": false,
        "line_number": 192,
        "type": "Hex High Entropy String"
      },
      {
        "filename": "datasets/manifest.json",
        "hashed_secret": "b1da394136b15217d88faaadc751f5e587776e98",
        "is_secret": false,
        "is_verified": false,
        "line_number": 199,
        "type": "Hex High Entropy String"
      },
      {
        "filename": "datasets/manifest.json",
        "hashed_secret": "b047af82bef6d83c3328e6c1214bc4edb54c3dde",
        "is_secret": false,
        "is_verified": false,
        "line_number": 206,
        "type": "Hex High Entropy String"
      },
      {
        "filename": "datasets/manifest.json",
        "hashed_secret": "7abd14375d779e315c7bac51a507d3cf3ffcee34",
        "is_secret": false,
        "is_verified": false,
        "line_number": 213,
        "type": "Hex High Entropy String"
      },
      {
        "filename": "datasets/manifest.json",
        "hashed_secret": "3c32cdcf56cdfa81d3fa410a477f1dc8ac09a3be",
        "is_secret": false,
        "is_verified": false,
        "line_number": 220,
        "type": "Hex High Entropy String"
      },
      {
        "filename": "datasets/manifest.json",
        "hashed_secret": "4afded7b8e1343d76d31696210cddffbde395a30",
        "is_secret": false,
        "is_verified": false,
        "line_number": 227,
        "type": "Hex High Entropy String"
      },
      {
        "filename": "datasets/manifest.json",
        "hashed_secret": "76b045f0d98914620336913f0ddb12f049f6b5b8",
        "is_secret": false,
        "is_verified": false,
        "line_number": 234,
        "type": "Hex High Entropy String"
      },
      {
        "filename": "datasets/manifest.json",
        "hashed_secret": "f8a2f63a4ddefee507b10fb82deb532d65a7440a",
        "is_secret": false,
        "is_verified": false,
        "line_number": 241,
        "type": "Hex High Entropy String"
      },
      {
        "filename": "datasets/manifest.json",
        "hashed_secret": "94c8aa5b6c1eb2d222c575b1fb069e0408c47c61",
        "is_secret": false,
        "is_verified": false,
        "line_number": 248,
        "type": "Hex High Entropy String"
      },
      {
        "filename": "datasets/manifest.json",
        "hashed_secret": "b38bf360e1ad115b5c9850af25a8739fd076c0c6",
        "is_secret": false,
        "is_verified": false,
        "line_number": 255,
        "type": "Hex High Entropy String"
      },
      {
        "filename": "datasets/manifest.json",
        "hashed_secret": "844997e780ff8e9979f9294e6597603a348489ea",
        "is_secret": false,
        "is_verified": false,
        "line_number": 262,
        "type": "Hex High Entropy String"
      },
      {
        "filename": "datasets/manifest.json",
        "hashed_secret": "75b1c03bacca988e2954582ca2451b5d0fb72b44",
        "is_secret": false,
        "is_verified": false,
        "line_number": 269,
        "type": "Hex High Entropy String"
      },
      {
        "filename": "datasets/manifest.json",
        "hashed_secret": "b3148fa2f65e8927f11d0dfb6ba33c7ba29f76a1",
        "is_secret": false,
        "is_verified": false,
        "line_number": 276,
        "type": "Hex High Entropy String"
      },
      {
        "filename": "datasets/manifest.json",
        "hashed_secret": "276ddad37695ec3e4f6f85de1f472c2e39b67b0a",
        "is_secret": false,
        "is_verified": false,
        "line_number": 283,
        "type": "Hex High Entropy String"
      },
      {
        "filename": "datasets/manifest.json",
        "hashed_secret": "689ab8e2a1e7e8c3f919da3ce894732a11746488",
        "is_secret": false,
        "is_verified": false,
        "line_number": 290,
        "type": "Hex High Entropy String"
      },
      {
        "filename": "datasets/manifest.json",
        "hashed_secret": "594cab7de7338f4fae3e2e4a625a5dadfd7bde11",
        "is_secret": false,
        "is_verified": false,
        "line_number": 297,
        "type": "Hex High Entropy String"
      },
      {
        "filename": "datasets/manifest.json",
        "hashed_secret": "33267c232ce501dcd0fd92ba835010434b951fa9",
        "is_secret": false,
        "is_verified": false,
        "line_number": 304,
        "type": "Hex High Entropy String"
      },
      {
        "filename": "datasets/manifest.json",
        "hashed_secret": "879d614f756008c7f44b1b6e81afc934ba233438",
        "is_secret": false,
        "is_verified": false,
        "line_number": 311,
        "type": "Hex High Entropy String"
      },
      {
        "filename": "datasets/manifest.json",
        "hashed_secret": "4cf6704ea101a4988cfe27881630d30065433c57",
        "is_secret": false,
        "is_verified": false,
        "line_number": 318,
        "type": "Hex High Entropy String"
      },
      {
        "filename": "datasets/manifest.json",
        "hashed_secret": "4a0bec0681577927ed8932a1b9f8ca5947f5d9c0",
        "is_secret": false,
        "is_verified": false,
        "line_number": 325,
        "type": "Hex High Entropy String"
      },
      {
        "filename": "datasets/manifest.json",
        "hashed_secret": "c3043796ae6fe672fefc1e87da6c013eb9012075",
        "is_secret": false,
        "is_verified": false,
        "line_number": 332,
        "type": "Hex High Entropy String"
      },
      {
        "filename": "datasets/manifest.json",
        "hashed_secret": "ebc7a0e559d8450c8a9a8d3ab55e280f6674834d",
        "is_secret": false,
        "is_verified": false,
        "line_number": 339,
        "type": "Hex High Entropy String"
      },
      {
        "filename": "datasets/manifest.json",
        "hashed_secret": "75d905118b14fe369c876b89d230481f5beb0535",
        "is_secret": false,
        "is_verified": false,
        "line_number": 346,
        "type": "Hex High Entropy String"
      },
      {
        "filename": "datasets/manifest.json",
        "hashed_secret": "af9ff2557960eefd78716b1bcbdd4f045a7af450",
        "is_secret": false,
        "is_verified": false,
        "line_number": 353,
        "type": "Hex High Entropy String"
      },
      {
        "filename": "datasets/manifest.json",
        "hashed_secret": "4fa8d28493a97e3e1c570f93c688719a0b2c9b27",
        "is_secret": false,
        "is_verified": false,
        "line_number": 360,
        "type": "Hex High Entropy String"
      },
      {
        "filename": "datasets/manifest.json",
        "hashed_secret": "5662550b752c5de1e7b056981a49262ae02a6a75",
        "is_secret": false,
        "is_verified": false,
        "line_number": 367,
        "type": "Hex High Entropy String"
      },
      {
        "filename": "datasets/manifest.json",
        "hashed_secret": "bb6fa4a6e2d76e9d8d38944e60650ad6db43b4c6",
        "is_secret": false,
        "is_verified": false,
        "line_number": 374,
        "type": "Hex High Entropy String"
      },
      {
        "filename": "datasets/manifest.json",
        "hashed_secret": "af1a35242a717b43f42f3b46336b0ee1e9eacb30",
        "is_secret": false,
        "is_verified": false,
        "line_number": 381,
        "type": "Hex High Entropy String"
      },
      {
        "filename": "datasets/manifest.json",
        "hashed_secret": "69a318b836bd2227c488930b89d352fb65429b85",
        "is_secret": false,
        "is_verified": false,
        "line_number": 388,
        "type": "Hex High Entropy String"
      },
      {
        "filename": "datasets/manifest.json",
        "hashed_secret": "fc7aff0a579a917fbbd9d1c818f858ae89c7f7e3",
        "is_secret": false,
        "is_verified": false,
        "line_number": 395,
        "type": "Hex High Entropy String"
      },
      {
        "filename": "datasets/manifest.json",
        "hashed_secret": "e5552de72e0876cd4e106861593507382968e169",
        "is_secret": false,
        "is_verified": false,
        "line_number": 402,
        "type": "Hex High Entropy String"
      },
      {
        "filename": "datasets/manifest.json",
        "hashed_secret": "af8524bd9dfcc39fa8d8e88aebe147e5f904de4b",
        "is_secret": false,
        "is_verified": false,
        "line_number": 409,
        "type": "Hex High Entropy String"
      },
      {
        "filename": "datasets/manifest.json",
        "hashed_secret": "32da709c2d8e7f282e1a37a7abd6389b6f0bd0cd",
        "is_secret": false,
        "is_verified": false,
        "line_number": 416,
        "type": "Hex High Entropy String"
      },
      {
        "filename": "datasets/manifest.json",
        "hashed_secret": "e9bc99ae46a54eb6d5d5031679e1618e69f765c2",
        "is_secret": false,
        "is_verified": false,
        "line_number": 423,
        "type": "Hex High Entropy String"
      },
      {
        "filename": "datasets/manifest.json",
        "hashed_secret": "35166eecfb8da48ed56c8087ddc9a6bed55e37ff",
        "is_secret": false,
        "is_verified": false,
        "line_number": 430,
        "type": "Hex High Entropy String"
      },
      {
        "filename": "datasets/manifest.json",
        "hashed_secret": "7b895586cd719b73c27a83950211a347e565d6db",
        "is_secret": false,
        "is_verified": false,
        "line_number": 437,
        "type": "Hex High Entropy String"
      },
      {
        "filename": "datasets/manifest.json",
        "hashed_secret": "fdc061bb97e9afb62cb490cdbdca23b4d88aeca1",
        "is_secret": false,
        "is_verified": false,
        "line_number": 444,
        "type": "Hex High Entropy String"
      },
      {
        "filename": "datasets/manifest.json",
        "hashed_secret": "e1672b86a81c11541493fa6e9659ce26e54acc63",
        "is_secret": false,
        "is_verified": false,
        "line_number": 451,
        "type": "Hex High Entropy String"
      },
      {
        "filename": "datasets/manifest.json",
        "hashed_secret": "18dfe4c08128a7f9bfe384bdb208d46c30cf99c7",
        "is_secret": false,
        "is_verified": false,
        "line_number": 458,
        "type": "Hex High Entropy String"
      },
      {
        "filename": "datasets/manifest.json",
        "hashed_secret": "ef8c6071a0f76836a1914b8c7457111185e5efb0",
        "is_secret": false,
        "is_verified": false,
        "line_number": 465,
        "type": "Hex High Entropy String"
      },
      {
        "filename": "datasets/manifest.json",
        "hashed_secret": "48c1e8e504bc9008dd425e38ba69267207ca5e38",
        "is_secret": false,
        "is_verified": false,
        "line_number": 472,
        "type": "Hex High Entropy String"
      },
      {
        "filename": "datasets/manifest.json",
        "hashed_secret": "f02e7fc60b997565deb89fd927018f685085744c",
        "is_secret": false,
        "is_verified": false,
        "line_number": 479,
        "type": "Hex High Entropy String"
      },
      {
        "filename": "datasets/manifest.json",
        "hashed_secret": "11d2f23fb1d554431887e575b9425b7b2604b7b1",
        "is_secret": false,
        "is_verified": false,
        "line_number": 486,
        "type": "Hex High Entropy String"
      },
      {
        "filename": "datasets/manifest.json",
        "hashed_secret": "bbf6decaac25c9e55397f48f43990abc2f06ae27",
        "is_secret": false,
        "is_verified": false,
        "line_number": 493,
        "type": "Hex High Entropy String"
      },
      {
        "filename": "datasets/manifest.json",
        "hashed_secret": "7af1faf51813384dab811fa8c2159effa5d880d4",
        "is_secret": false,
        "is_verified": false,
        "line_number": 500,
        "type": "Hex High Entropy String"
      },
      {
        "filename": "datasets/manifest.json",
        "hashed_secret": "61c0268f933030f15be436cee876ead27bfc7d2e",
        "is_secret": false,
        "is_verified": false,
        "line_number": 507,
        "type": "Hex High Entropy String"
      },
      {
        "filename": "datasets/manifest.json",
        "hashed_secret": "7ad9e097bba5484077c95e4ae1d850a3cbad5250",
        "is_secret": false,
        "is_verified": false,
        "line_number": 514,
        "type": "Hex High Entropy String"
      },
      {
        "filename": "datasets/manifest.json",
        "hashed_secret": "e6cc3579fe4f6f7b34c4012b3ffbf80ea6c915d7",
        "is_secret": false,
        "is_verified": false,
        "line_number": 521,
        "type": "Hex High Entropy String"
      },
      {
        "filename": "datasets/manifest.json",
        "hashed_secret": "bb28e7790d962198bac903f1217747cb4b3206b9",
        "is_secret": false,
        "is_verified": false,
        "line_number": 528,
        "type": "Hex High Entropy String"
      },
      {
        "filename": "datasets/manifest.json",
        "hashed_secret": "a0e23db4888f4fe26955c0fe3f02f53e9976a9ec",
        "is_secret": false,
        "is_verified": false,
        "line_number": 535,
        "type": "Hex High Entropy String"
      },
      {
        "filename": "datasets/manifest.json",
        "hashed_secret": "2a90f68c01b80dbadb449776a181f01be96c4543",
        "is_secret": false,
        "is_verified": false,
        "line_number": 542,
        "type": "Hex High Entropy String"
      },
      {
        "filename": "datasets/manifest.json",
        "hashed_secret": "9c086402bce0771930598b341a2756ea92108b18",
        "is_secret": false,
        "is_verified": false,
        "line_number": 549,
        "type": "Hex High Entropy String"
      },
      {
        "filename": "datasets/manifest.json",
        "hashed_secret": "620b260e51148c85ce74d40cab2883e57e63f628",
        "is_secret": false,
        "is_verified": false,
        "line_number": 556,
        "type": "Hex High Entropy String"
      },
      {
        "filename": "datasets/manifest.json",
        "hashed_secret": "212276c3d1bda3654bd31a349dc16f2677911925",
        "is_secret": false,
        "is_verified": false,
        "line_number": 563,
        "type": "Hex High Entropy String"
      },
      {
        "filename": "datasets/manifest.json",
        "hashed_secret": "74aca84378665d3bb785b18317efc6605e55271b",
        "is_secret": false,
        "is_verified": false,
        "line_number": 570,
        "type": "Hex High Entropy String"
      },
      {
        "filename": "datasets/manifest.json",
        "hashed_secret": "81ee21d933ccfeb85304a4d179a0e0782830b750",
        "is_secret": false,
        "is_verified": false,
        "line_number": 577,
        "type": "Hex High Entropy String"
      },
      {
        "filename": "datasets/manifest.json",
        "hashed_secret": "c0c8c3273d142619f2df65cbf651326c5acfa80f",
        "is_secret": false,
        "is_verified": false,
        "line_number": 584,
        "type": "Hex High Entropy String"
      },
      {
        "filename": "datasets/manifest.json",
        "hashed_secret": "bd9216ab60361455419855958a3a48302ad0b972",
        "is_secret": false,
        "is_verified": false,
        "line_number": 591,
        "type": "Hex High Entropy String"
      },
      {
        "filename": "datasets/manifest.json",
        "hashed_secret": "8b15adc871a6a94659872b9b4040751db82e5519",
        "is_secret": false,
        "is_verified": false,
        "line_number": 598,
        "type": "Hex High Entropy String"
      },
      {
        "filename": "datasets/manifest.json",
        "hashed_secret": "7111ed6bb559c7ad4f0c696df0daa55685b8096b",
        "is_secret": false,
        "is_verified": false,
        "line_number": 605,
        "type": "Hex High Entropy String"
      },
      {
        "filename": "datasets/manifest.json",
        "hashed_secret": "2983e6ff04af78fa4f83568604329679a45fa9f1",
        "is_secret": false,
        "is_verified": false,
        "line_number": 612,
        "type": "Hex High Entropy String"
      },
      {
        "filename": "datasets/manifest.json",
        "hashed_secret": "023bc3668063ad930866a408d2a15e1f3e687bbd",
        "is_secret": false,
        "is_verified": false,
        "line_number": 619,
        "type": "Hex High Entropy String"
      },
      {
        "filename": "datasets/manifest.json",
        "hashed_secret": "3f1bf733f9a01c2825ec37358e81b8ad3966e468",
        "is_secret": false,
        "is_verified": false,
        "line_number": 626,
        "type": "Hex High Entropy String"
      },
      {
        "filename": "datasets/manifest.json",
        "hashed_secret": "48ba23a749d1716bed6a85e497df6720a9092922",
        "is_secret": false,
        "is_verified": false,
        "line_number": 633,
        "type": "Hex High Entropy String"
      },
      {
        "filename": "datasets/manifest.json",
        "hashed_secret": "69e33b235d101c50865b4b688fdcca7b24e416f5",
        "is_secret": false,
        "is_verified": false,
        "line_number": 640,
        "type": "Hex High Entropy String"
      },
      {
        "filename": "datasets/manifest.json",
        "hashed_secret": "b5c39961e279cf76a61870f8f70e4fd8b4738b17",
        "is_secret": false,
        "is_verified": false,
        "line_number": 647,
        "type": "Hex High Entropy String"
      },
      {
        "filename": "datasets/manifest.json",
        "hashed_secret": "6363298e4d531a7f5bd9af544d9c55e8e60ffd0e",
        "is_secret": false,
        "is_verified": false,
        "line_number": 654,
        "type": "Hex High Entropy String"
      },
      {
        "filename": "datasets/manifest.json",
        "hashed_secret": "f630a1691c112d70e7188b38436301968db6e7d6",
        "is_secret": false,
        "is_verified": false,
        "line_number": 661,
        "type": "Hex High Entropy String"
      },
      {
        "filename": "datasets/manifest.json",
        "hashed_secret": "00b52d5d43fef4ce44a199267ef1f95e88d3b5af",
        "is_secret": false,
        "is_verified": false,
        "line_number": 668,
        "type": "Hex High Entropy String"
      },
      {
        "filename": "datasets/manifest.json",
        "hashed_secret": "0e81d36ae8fff3029343436760e0935a6fafbab9",
        "is_secret": false,
        "is_verified": false,
        "line_number": 675,
        "type": "Hex High Entropy String"
      },
      {
        "filename": "datasets/manifest.json",
        "hashed_secret": "7d1495f5905d3731ab92ab963e4595b7dad84fc8",
        "is_secret": false,
        "is_verified": false,
        "line_number": 682,
        "type": "Hex High Entropy String"
      },
      {
        "filename": "datasets/manifest.json",
        "hashed_secret": "ca8ac46825479cd9a89ebb8e662563265449969b",
        "is_secret": false,
        "is_verified": false,
        "line_number": 689,
        "type": "Hex High Entropy String"
      },
      {
        "filename": "datasets/manifest.json",
        "hashed_secret": "49723ea646b56d72eb1e2e364b6abcd431cd92c1",
        "is_secret": false,
        "is_verified": false,
        "line_number": 696,
        "type": "Hex High Entropy String"
      },
      {
        "filename": "datasets/manifest.json",
        "hashed_secret": "c04ebd36b0e21125dd51aa7ab93702b8258159b0",
        "is_secret": false,
        "is_verified": false,
        "line_number": 703,
        "type": "Hex High Entropy String"
      },
      {
        "filename": "datasets/manifest.json",
        "hashed_secret": "1487a7e13473cccea4e17577fae8a1024ead89b4",
        "is_secret": false,
        "is_verified": false,
        "line_number": 710,
        "type": "Hex High Entropy String"
      },
      {
        "filename": "datasets/manifest.json",
        "hashed_secret": "4f5ae7b823e7cfa80c8e59e75c654a82420ef318",
        "is_secret": false,
        "is_verified": false,
        "line_number": 717,
        "type": "Hex High Entropy String"
      },
      {
        "filename": "datasets/manifest.json",
        "hashed_secret": "48edb54b804991d57ac25c6466825ccece1c5cb7",
        "is_secret": false,
        "is_verified": false,
        "line_number": 724,
        "type": "Hex High Entropy String"
      },
      {
        "filename": "datasets/manifest.json",
        "hashed_secret": "5a8f3e3880aad0e197b199f166e01b504d1f9918",
        "is_secret": false,
        "is_verified": false,
        "line_number": 731,
        "type": "Hex High Entropy String"
      },
      {
        "filename": "datasets/manifest.json",
        "hashed_secret": "0078cecff533d8a86d8cdf2ca3791e0804c37db7",
        "is_secret": false,
        "is_verified": false,
        "line_number": 738,
        "type": "Hex High Entropy String"
      },
      {
        "filename": "datasets/manifest.json",
        "hashed_secret": "b6aec16ff69833de83af67cf295de514f651b4f2",
        "is_secret": false,
        "is_verified": false,
        "line_number": 745,
        "type": "Hex High Entropy String"
      },
      {
        "filename": "datasets/manifest.json",
        "hashed_secret": "fae401885d26e34f203123ac3704f0907175cb7a",
        "is_secret": false,
        "is_verified": false,
        "line_number": 752,
        "type": "Hex High Entropy String"
      },
      {
        "filename": "datasets/manifest.json",
        "hashed_secret": "bbb0c38297b28edabaee846e6c75c774cafba1f3",
        "is_secret": false,
        "is_verified": false,
        "line_number": 759,
        "type": "Hex High Entropy String"
      }
    ],
    "infra/k8s/secrets.example.yaml": [
      {
        "filename": "infra/k8s/secrets.example.yaml",
        "hashed_secret": "a47fa13900a103eef498637d97cf6158b8794165",
        "is_secret": false,
        "is_verified": false,
        "line_number": 28,
        "type": "Secret Keyword"
      }
    ],
    "models/manifest.json": [
      {
        "filename": "models/manifest.json",
        "hashed_secret": "3377979d2e7b9f5aa625e21f007d97acda28b4ed",
        "is_secret": false,
        "is_verified": false,
        "line_number": 4,
        "type": "Hex High Entropy String"
      },
      {
        "filename": "models/manifest.json",
        "hashed_secret": "4f0c26a67aa3757d92ad0c6b422a1a266573436b",
        "is_secret": false,
        "is_verified": false,
        "line_number": 8,
        "type": "Hex High Entropy String"
      }
    ]
  },
  "version": "1.5.0"
}
